[htmldemo.net/bstore/bstore/index.html]
[backblue.gif]
[fade.gif]
[index.html]
[htmldemo.net/bstore/bstore/assets/images/favicon.webp]
[htmldemo.net/bstore/bstore/assets/css/font-awesome.min.css]
[htmldemo.net/bstore/bstore/assets/css/bootstrap.min.css]
[htmldemo.net/bstore/bstore/assets/css/animate.css]
[htmldemo.net/bstore/bstore/assets/css/jquery.fancybox.css]
[htmldemo.net/bstore/bstore/assets/css/jquery.bxslider.css]
[htmldemo.net/bstore/bstore/assets/css/jquery-ui-slider.css]
[htmldemo.net/bstore/bstore/assets/css/meanmenu.min.css]
[htmldemo.net/bstore/bstore/assets/css/owl.carousel.min.css]
[htmldemo.net/bstore/bstore/assets/css/nivo-slider.css]
[htmldemo.net/bstore/bstore/assets/css/main.css]
[htmldemo.net/bstore/bstore/assets/css/ie.css]
[htmldemo.net/bstore/bstore/assets/css/style.css]
[htmldemo.net/bstore/bstore/assets/css/responsive.css]
[htmldemo.net/bstore/bstore/checkout.html]
[htmldemo.net/bstore/bstore/wishlist.html]
[htmldemo.net/bstore/bstore/my-account.html]
[htmldemo.net/bstore/bstore/cart.html]
[htmldemo.net/bstore/bstore/registration.html]
[htmldemo.net/bstore/bstore/assets/images/logo.webp]
[htmldemo.net/bstore/bstore/index-2.html]
[htmldemo.net/bstore/bstore/shop-gird.html]
[htmldemo.net/bstore/bstore/404.html]
[htmldemo.net/bstore/bstore/about-us.html]
[htmldemo.net/bstore/bstore/checkout-signin.html]
[htmldemo.net/bstore/bstore/checkout-address.html]
[htmldemo.net/bstore/bstore/contact-us.html]
[htmldemo.net/bstore/bstore/shop-list.html]
[htmldemo.net/bstore/bstore/single-product.html]
[htmldemo.net/bstore/bstore/assets/images/shopping-image.webp]
[htmldemo.net/bstore/bstore/assets/images/shopping-image2.webp]
[htmldemo.net/bstore/bstore/assets/images/slider/2.webp]
[htmldemo.net/bstore/bstore/assets/images/slider/1.webp]
[htmldemo.net/bstore/bstore/assets/images/product/cms11.webp]
[htmldemo.net/bstore/bstore/assets/images/product/sale/8.webp]
[htmldemo.net/bstore/bstore/assets/images/product/sale/6.webp]
[htmldemo.net/bstore/bstore/assets/images/product/sale/4.webp]
[htmldemo.net/bstore/bstore/assets/images/product/sale/2.webp]
[htmldemo.net/bstore/bstore/assets/images/product/sale/10.webp]
[htmldemo.net/bstore/bstore/assets/images/product/sale/11.webp]
[htmldemo.net/bstore/bstore/assets/images/product/sale/3.webp]
[htmldemo.net/bstore/bstore/assets/images/product/sale/1.webp]
[htmldemo.net/bstore/bstore/assets/images/product/sale/9.webp]
[htmldemo.net/bstore/bstore/assets/images/product/sale/5.webp]
[htmldemo.net/bstore/bstore/assets/images/product/sale/12.webp]
[htmldemo.net/bstore/bstore/assets/images/product/sale/7.webp]
[htmldemo.net/bstore/bstore/assets/images/product/shope-add1.webp]
[htmldemo.net/bstore/bstore/assets/images/product/shope-add2.webp]
[htmldemo.net/bstore/bstore/assets/images/product/sale/13.webp]
[htmldemo.net/bstore/bstore/assets/images/product/one-helf1.webp]
[htmldemo.net/bstore/bstore/assets/images/product/one-helf2.webp]
[htmldemo.net/bstore/bstore/assets/images/latest-news/1.webp]
[htmldemo.net/bstore/bstore/assets/images/latest-news/2.webp]
[htmldemo.net/bstore/bstore/assets/images/latest-news/3.webp]
[htmldemo.net/bstore/bstore/assets/images/latest-news/4.webp]
[htmldemo.net/bstore/bstore/assets/images/latest-news/5.webp]
[htmldemo.net/bstore/bstore/assets/images/latest-news/6.webp]
[htmldemo.net/bstore/bstore/assets/images/brand/1.webp]
[htmldemo.net/bstore/bstore/assets/images/brand/2.webp]
[htmldemo.net/bstore/bstore/assets/images/brand/3.webp]
[htmldemo.net/bstore/bstore/assets/images/brand/4.webp]
[htmldemo.net/bstore/bstore/assets/images/brand/5.webp]
[htmldemo.net/bstore/bstore/assets/images/payment.webp]
[htmldemo.net/bstore/bstore/assets/js/vendor/modernizr-3.11.2.min.js]
[htmldemo.net/bstore/bstore/assets/js/vendor/jquery-3.6.0.min.js]
[htmldemo.net/bstore/bstore/assets/js/popper.min.js]
[htmldemo.net/bstore/bstore/assets/js/bootstrap.min.js]
[htmldemo.net/bstore/bstore/assets/js/jquery.fancybox.js]
[htmldemo.net/bstore/bstore/assets/js/jquery.bxslider.min.js]
[htmldemo.net/bstore/bstore/assets/js/jquery.meanmenu.js]
[htmldemo.net/bstore/bstore/assets/js/jquery.nivo.slider.js]
[htmldemo.net/bstore/bstore/assets/js/owl.carousel.min.js]
[htmldemo.net/bstore/bstore/assets/js/wow.js]
[htmldemo.net/bstore/bstore/index.html]
[htmldemo.net/bstore/bstore/assets/js/main.js]
[htmldemo.net/bstore/bstore/assets/js/jqueryui.js]
[htmldemo.net/bstore/bstore/assets/fonts/fontawesome-webfonte0a5.eot]
[htmldemo.net/bstore/bstore/assets/fonts/fontawesome-webfontd41d.eot]
[htmldemo.net/bstore/bstore/assets/fonts/fontawesome-webfonte0a5.woff2]
[htmldemo.net/bstore/bstore/assets/fonts/fontawesome-webfonte0a5.woff]
[htmldemo.net/bstore/bstore/assets/fonts/fontawesome-webfonte0a5.ttf]
[htmldemo.net/bstore/bstore/assets/css/font-awesome.min.css]
[htmldemo.net/bstore/bstore/assets/css/bootstrap.min.css]
[htmldemo.net/bstore/bstore/assets/css/animate.css]
[htmldemo.net/bstore/bstore/assets/css/jquery.fancybox.css]
[htmldemo.net/bstore/bstore/assets/images/bx_loader.gif]
[htmldemo.net/bstore/bstore/assets/fonts/fontawesome-webfonte0a5.svg]
[htmldemo.net/bstore/bstore/assets/css/images/controls.png]
[htmldemo.net/bstore/bstore/assets/css/jquery.bxslider.css]
[htmldemo.net/bstore/bstore/assets/css/images/animated-overlay.gif]
[htmldemo.net/bstore/bstore/assets/css/images/ui-bg_highlight-soft_100_eeeeee_1x100.webp]
[htmldemo.net/bstore/bstore/assets/css/images/ui-bg_gloss-wave_35_f6a828_500x100.webp]
[htmldemo.net/bstore/bstore/assets/css/images/ui-bg_glass_100_f6f6f6_1x400.webp]
[htmldemo.net/bstore/bstore/assets/css/images/ui-bg_glass_100_fdf5ce_1x400.webp]
[htmldemo.net/bstore/bstore/assets/css/images/ui-bg_glass_65_ffffff_1x400.webp]
[htmldemo.net/bstore/bstore/assets/css/images/ui-bg_highlight-soft_75_ffe45c_1x100.webp]
[htmldemo.net/bstore/bstore/assets/css/images/ui-bg_diagonals-thick_18_b81900_40x40.webp]
[htmldemo.net/bstore/bstore/assets/css/images/ui-icons_222222_256x240.webp]
[htmldemo.net/bstore/bstore/assets/css/images/ui-icons_ffffff_256x240.webp]
[htmldemo.net/bstore/bstore/assets/css/images/ui-icons_ef8c08_256x240.webp]
[htmldemo.net/bstore/bstore/assets/css/images/ui-icons_228ef1_256x240.webp]
[htmldemo.net/bstore/bstore/assets/css/images/ui-icons_ffd27a_256x240.webp]
[htmldemo.net/bstore/bstore/assets/css/images/ui-bg_diagonals-thick_20_666666_40x40.webp]
[htmldemo.net/bstore/bstore/assets/css/images/ui-bg_flat_10_000000_40x100.webp]
[htmldemo.net/bstore/bstore/assets/css/jquery-ui-slider.css]
[htmldemo.net/bstore/bstore/assets/css/meanmenu.min.css]
[htmldemo.net/bstore/bstore/assets/css/owl.video.play.webp]
[htmldemo.net/bstore/bstore/assets/css/owl.carousel.min.css]
[htmldemo.net/bstore/bstore/assets/css/nivo-slider.css]
[htmldemo.net/bstore/bstore/assets/css/main.css]
[htmldemo.net/bstore/bstore/assets/css/ie.css]
[htmldemo.net/bstore/bstore/assets/images/caret.webp]
[htmldemo.net/bstore/bstore/assets/images/product/bkg_product_tab.webp]
[htmldemo.net/bstore/bstore/assets/images/testimon-after.gif]
[htmldemo.net/bstore/bstore/assets/images/bs-before-q.webp]
[htmldemo.net/bstore/bstore/assets/images/bs-after-q.webp]
[htmldemo.net/bstore/bstore/assets/images/sprite.webp]
[htmldemo.net/bstore/bstore/assets/images/bankwire.webp]
[htmldemo.net/bstore/bstore/assets/images/cheque.webp]
[htmldemo.net/bstore/bstore/assets/images/paypal-icon.webp]
[htmldemo.net/bstore/bstore/assets/images/Master-Card-icon.webp]
[htmldemo.net/bstore/bstore/assets/css/style.css]
[htmldemo.net/bstore/bstore/assets/images/order-step-a.webp]
[htmldemo.net/bstore/bstore/assets/images/order-step-current.webp]
[htmldemo.net/bstore/bstore/assets/images/order-step-done.webp]
[htmldemo.net/bstore/bstore/assets/images/order-step-done-last.webp]
[htmldemo.net/bstore/bstore/assets/css/responsive.css]
[htmldemo.net/bstore/bstore/checkout-shipping.html]
[htmldemo.net/bstore/bstore/assets/images/product/cart-image3.webp]
[htmldemo.net/bstore/bstore/assets/images/product/cart-image2.webp]
[htmldemo.net/bstore/bstore/assets/images/product/cart-image1.webp]
[htmldemo.net/bstore/bstore/checkout.html]
[htmldemo.net/bstore/bstore/assets/images/wishlist/printed-chiffon-dress.webp]
[htmldemo.net/bstore/bstore/assets/images/wishlist/printed-dress.webp]
[htmldemo.net/bstore/bstore/assets/images/wishlist/printed-summer-dress.webp]
[htmldemo.net/bstore/bstore/assets/images/wishlist/faded-short-sleeves-tshirt.webp]
[htmldemo.net/bstore/bstore/wishlist.html]
[htmldemo.net/bstore/bstore/my-account.html]
[htmldemo.net/bstore/bstore/cart.html]
[htmldemo.net/bstore/bstore/registration.html]
[htmldemo.net/bstore/bstore/checkout-registration.html]
[htmldemo.net/bstore/bstore/assets/images/logo2.webp]
[htmldemo.net/bstore/bstore/assets/images/layout2/1.webp]
[htmldemo.net/bstore/bstore/assets/images/layout2/2.webp]
[htmldemo.net/bstore/bstore/assets/images/layout2/3.webp]
[htmldemo.net/bstore/bstore/assets/images/layout2/4.webp]
[htmldemo.net/bstore/bstore/assets/images/layout2/5.webp]
[htmldemo.net/bstore/bstore/assets/images/layout2/6.webp]
[htmldemo.net/bstore/bstore/assets/images/layout2/7.webp]
[htmldemo.net/bstore/bstore/assets/images/slider/homepage2/3.webp]
[htmldemo.net/bstore/bstore/assets/images/slider/homepage2/4.webp]
[htmldemo.net/bstore/bstore/assets/images/product/sidebar_product/1.webp]
[htmldemo.net/bstore/bstore/assets/images/product/sidebar_product/2.webp]
[htmldemo.net/bstore/bstore/assets/images/product/sidebar_product/3.webp]
[htmldemo.net/bstore/bstore/assets/images/product/sidebar_product/4.webp]
[htmldemo.net/bstore/bstore/assets/images/product/sidebar_product/5.webp]
[htmldemo.net/bstore/bstore/assets/images/product/sidebar_product/6.webp]
[htmldemo.net/bstore/bstore/assets/images/product/shope-add12.webp]
[htmldemo.net/bstore/bstore/assets/images/product/shope-add22.webp]
[htmldemo.net/bstore/bstore/assets/images/product/cms21.webp]
[htmldemo.net/bstore/bstore/assets/images/product/cms22.webp]
[htmldemo.net/bstore/bstore/index-2.html]
[htmldemo.net/bstore/bstore/assets/images/category-header.webp]
[htmldemo.net/bstore/bstore/shop-gird.html]
[htmldemo.net/bstore/bstore/assets/images/img-404.webp]
[htmldemo.net/bstore/bstore/404.html]
[htmldemo.net/bstore/bstore/about-us.html]
[htmldemo.net/bstore/bstore/checkout-signin.html]
[htmldemo.net/bstore/bstore/my-cart-step-2-info.html]
[htmldemo.net/bstore/bstore/checkout-address.html]
[htmldemo.net/bstore/bstore/contact-us.html]
[htmldemo.net/bstore/bstore/shop-list.html]
[htmldemo.net/bstore/bstore/single-product.html]
[htmldemo.net/bstore/bstore/assets/fonts/fontawesome-webfonte0a5.svg]
[htmldemo.net/bstore/bstore/assets/css/images/controls.html]
[htmldemo.net/bstore/bstore/assets/css/images/animated-overlay.html]
[htmldemo.net/bstore/bstore/assets/css/images/ui-bg_highlight-soft_100_eeeeee_1x100.html]
[htmldemo.net/bstore/bstore/assets/css/images/ui-bg_gloss-wave_35_f6a828_500x100.html]
[htmldemo.net/bstore/bstore/assets/css/images/ui-bg_glass_100_f6f6f6_1x400.html]
[htmldemo.net/bstore/bstore/assets/css/images/ui-bg_glass_100_fdf5ce_1x400.html]
[htmldemo.net/bstore/bstore/assets/css/images/ui-bg_glass_65_ffffff_1x400.html]
[htmldemo.net/bstore/bstore/assets/css/images/ui-bg_highlight-soft_75_ffe45c_1x100.html]
[htmldemo.net/bstore/bstore/assets/css/images/ui-bg_diagonals-thick_18_b81900_40x40.html]
[htmldemo.net/bstore/bstore/assets/css/images/ui-icons_222222_256x240.html]
[htmldemo.net/bstore/bstore/assets/css/images/ui-icons_ffffff_256x240.html]
[htmldemo.net/bstore/bstore/assets/css/images/ui-icons_ef8c08_256x240.html]
[htmldemo.net/bstore/bstore/assets/css/images/ui-icons_228ef1_256x240.html]
[htmldemo.net/bstore/bstore/assets/css/images/ui-icons_ffd27a_256x240.html]
[htmldemo.net/bstore/bstore/assets/css/images/ui-bg_diagonals-thick_20_666666_40x40.html]
[htmldemo.net/bstore/bstore/assets/css/images/ui-bg_flat_10_000000_40x100.html]
[htmldemo.net/bstore/bstore/assets/css/owl.video.play.html]
[htmldemo.net/bstore/bstore/assets/images/order-step-done.html]
[htmldemo.net/bstore/bstore/assets/images/order-step-done-last.html]
[htmldemo.net/bstore/bstore/assets/images/bank.webp]
[htmldemo.net/bstore/bstore/assets/images/delivery-method.webp]
[htmldemo.net/bstore/bstore/checkout-shipping.html]
[htmldemo.net/bstore/bstore/checkout-registration.html]
[htmldemo.net/bstore/bstore/my-cart-step-2-info.html]
